full matrix (3000, 206)

=== classifier: injured_in_risk_window (OOF AUC) ===
  k=  3 : 0.73300  (+/-0.00383)
  k=  5 : 0.73364  (+/-0.00475)
  k=  8 : 0.73606  (+/-0.00138)
  k= 12 : 0.74632  (+/-0.00018)
  k= 20 : 0.75014  (+/-0.00456)
  k= 35 : 0.75717  (+/-0.00069)
  k= 60 : 0.75445  (+/-0.00133)
  k=100 : 0.75217  (+/-0.00039)
  k=206 : 0.74971  (+/-0.00087)
  -> best k=35  0.75717

=== regressor: onset_day_offset (OOF MAE) ===
  k=  3 : 2.88140  (+/-0.01332)
  k=  5 : 2.75779  (+/-0.02093)
  k=  8 : 2.73908  (+/-0.02548)
  k= 12 : 2.68339  (+/-0.00052)
  k= 20 : 2.70073  (+/-0.02128)
  k= 35 : 2.64944  (+/-0.02607)
  k= 60 : 2.68449  (+/-0.00647)
  k=100 : 2.69541  (+/-0.00690)
  k=206 : 2.70303  (+/-0.00107)
  -> best k=35  2.64944

=== regressor: recovery_duration (OOF MAE) ===
  k=  3 : 3.14000  (+/-0.05568)
  k=  5 : 3.08149  (+/-0.02048)
  k=  8 : 3.02017  (+/-0.02258)
  k= 12 : 2.98422  (+/-0.01228)
  k= 20 : 2.93797  (+/-0.01245)
  k= 35 : 2.95279  (+/-0.00090)
  k= 60 : 2.96944  (+/-0.00378)
  k=100 : 2.98489  (+/-0.01904)
  k=206 : 2.97372  (+/-0.00476)
  -> best k=20  2.93797

wrote reports/feature_sweep.json
